=== AMADTECH AI - APPLICATION STATUS ===

1. DATABASE CONNECTION
   Ô£ô Connected to: amadtech_ai

2. DATABASE TABLES
   [Ô£ô] users
   [Ô£ô] email_verifications
   [Ô£ô] admin_settings
   [Ô£ô] activity_logs
   [Ô£ô] request_stats
   [Ô£ô] cache
   [Ô£ô] conversations
   [Ô£ô] messages

3. ADMIN USER
   Ô£ô Admin account exists: admin@amadtech.com

4. USERS IN SYSTEM
   Total users: 2
   Verified: 1

5. ACTIVITY LOGS
   Total logs: 0

6. REQUEST STATISTICS
   Total requests tracked: 0

7. ENVIRONMENT
   APP_ENV: 
   APP_DEBUG: false
   Session Driver: 
   Cache Driver: 

8. STORAGE PERMISSIONS
php : PHP Fatal error:  Uncaught Error: Call to undefined function 
bootstrap_path() in C:\xampp\htdocs\Amadtech_AI\test-application.php:70
Au caractère Ligne:1 : 1
+ php test-application.php > test-output.txt 2>&1; cat test-output.txt
+ ~~~~~~~~~~~~~~~~~~~~~~~~~~~~~~~~~~~~~~~~~~~~~~~
    + CategoryInfo          : NotSpecified: (PHP Fatal error...lication.php:70 
   :String) [], RemoteException
    + FullyQualifiedErrorId : NativeCommandError
 
Stack trace:
#0 {main}
  thrown in C:\xampp\htdocs\Amadtech_AI\test-application.php on line 70

Fatal error: Uncaught Error: Call to undefined function bootstrap_path() in C:\xampp\htdocs\Amadtech_AI\test-application.php:70
Stack trace:
#0 {main}
  thrown in C:\xampp\htdocs\Amadtech_AI\test-application.php on line 70
